1:C 08 Sep 2026 19:28:20.888 # oO0OoO0OoO0Oo Redis is starting oO0OoO0OoO0Oo
1:C 08 Sep 2026 19:28:20.890 # Redis version=5.0.14, bits=64, commit=00000000, modified=0, pid=1, just started
1:C 08 Sep 2026 19:28:20.890 # Configuration loaded
1:M 08 Sep 2026 19:28:20.901 * Running mode=standalone, port=6379.
1:M 08 Sep 2026 19:28:20.901 # Server initialized
1:M 08 Sep 2026 19:28:20.902 # WARNING you have Transparent Huge Pages (THP) support enabled in your kernel. This will create latency and memory usage issues with Redis. To fix this issue run the command 'echo never > /sys/kernel/mm/transparent_hugepage/enabled' as root, and add it to your /etc/rc.local in order to retain the setting after a reboot. Redis must be restarted after THP is disabled.
1:M 08 Sep 2026 19:28:20.904 * Ready to accept connections
1:M 08 Sep 2026 19:35:10.451 * 10 changes in 300 seconds. Saving...
1:M 08 Sep 2026 19:35:10.455 * Background saving started by pid 274
274:C 08 Sep 2026 19:35:10.459 * DB saved on disk
274:C 08 Sep 2026 19:35:10.460 * RDB: 1 MB of memory used by copy-on-write
1:M 08 Sep 2026 19:35:10.557 * Background saving terminated with success
1:M 08 Sep 2026 19:40:11.046 * 10 changes in 300 seconds. Saving...
1:M 08 Sep 2026 19:40:11.050 * Background saving started by pid 455
455:C 08 Sep 2026 19:40:11.056 * DB saved on disk
455:C 08 Sep 2026 19:40:11.057 * RDB: 1 MB of memory used by copy-on-write
1:M 08 Sep 2026 19:40:11.157 * Background saving terminated with success
1:M 08 Sep 2026 19:45:12.093 * 10 changes in 300 seconds. Saving...
1:M 08 Sep 2026 19:45:12.096 * Background saving started by pid 630
630:C 08 Sep 2026 19:45:12.108 * DB saved on disk
630:C 08 Sep 2026 19:45:12.110 * RDB: 1 MB of memory used by copy-on-write
1:M 08 Sep 2026 19:45:12.198 * Background saving terminated with success
1:signal-handler (1788868103) Received SIGTERM scheduling shutdown...
1:M 08 Sep 2026 19:48:23.903 # User requested shutdown...
1:M 08 Sep 2026 19:48:23.903 * Calling fsync() on the AOF file.
1:M 08 Sep 2026 19:48:23.903 * Saving the final RDB snapshot before exiting.
1:M 08 Sep 2026 19:48:23.905 * DB saved on disk
1:M 08 Sep 2026 19:48:23.905 * Removing the pid file.
1:M 08 Sep 2026 19:48:23.905 # Redis is now ready to exit, bye bye...
1:C 08 Sep 2026 19:48:51.846 # oO0OoO0OoO0Oo Redis is starting oO0OoO0OoO0Oo
1:C 08 Sep 2026 19:48:51.847 # Redis version=5.0.14, bits=64, commit=00000000, modified=0, pid=1, just started
1:C 08 Sep 2026 19:48:51.847 # Configuration loaded
1:M 08 Sep 2026 19:48:51.855 * Running mode=standalone, port=6379.
1:M 08 Sep 2026 19:48:51.855 # Server initialized
1:M 08 Sep 2026 19:48:51.855 # WARNING you have Transparent Huge Pages (THP) support enabled in your kernel. This will create latency and memory usage issues with Redis. To fix this issue run the command 'echo never > /sys/kernel/mm/transparent_hugepage/enabled' as root, and add it to your /etc/rc.local in order to retain the setting after a reboot. Redis must be restarted after THP is disabled.
1:M 08 Sep 2026 19:48:51.869 * DB loaded from append only file: 0.011 seconds
1:M 08 Sep 2026 19:48:51.869 * Ready to accept connections
1:M 08 Sep 2026 19:53:52.017 * 10 changes in 300 seconds. Saving...
1:M 08 Sep 2026 19:53:52.025 * Background saving started by pid 206
206:C 08 Sep 2026 19:53:52.030 * DB saved on disk
206:C 08 Sep 2026 19:53:52.032 * RDB: 1 MB of memory used by copy-on-write
1:M 08 Sep 2026 19:53:52.131 * Background saving terminated with success
1:M 08 Sep 2026 19:58:53.036 * 10 changes in 300 seconds. Saving...
1:M 08 Sep 2026 19:58:53.039 * Background saving started by pid 387
387:C 08 Sep 2026 19:58:53.050 * DB saved on disk
387:C 08 Sep 2026 19:58:53.051 * RDB: 1 MB of memory used by copy-on-write
1:M 08 Sep 2026 19:58:53.143 * Background saving terminated with success
1:signal-handler (1788869009) Received SIGTERM scheduling shutdown...
1:M 08 Sep 2026 20:03:29.165 # User requested shutdown...
1:M 08 Sep 2026 20:03:29.165 * Calling fsync() on the AOF file.
1:M 08 Sep 2026 20:03:29.166 * Saving the final RDB snapshot before exiting.
1:M 08 Sep 2026 20:03:29.169 * DB saved on disk
1:M 08 Sep 2026 20:03:29.169 * Removing the pid file.
1:M 08 Sep 2026 20:03:29.170 # Redis is now ready to exit, bye bye...
1:C 08 Sep 2026 20:26:18.687 # oO0OoO0OoO0Oo Redis is starting oO0OoO0OoO0Oo
1:C 08 Sep 2026 20:26:18.688 # Redis version=5.0.14, bits=64, commit=00000000, modified=0, pid=1, just started
1:C 08 Sep 2026 20:26:18.689 # Configuration loaded
1:M 08 Sep 2026 20:26:18.697 * Running mode=standalone, port=6379.
1:M 08 Sep 2026 20:26:18.700 # Server initialized
1:M 08 Sep 2026 20:26:18.701 # WARNING you have Transparent Huge Pages (THP) support enabled in your kernel. This will create latency and memory usage issues with Redis. To fix this issue run the command 'echo never > /sys/kernel/mm/transparent_hugepage/enabled' as root, and add it to your /etc/rc.local in order to retain the setting after a reboot. Redis must be restarted after THP is disabled.
1:M 08 Sep 2026 20:26:18.750 * DB loaded from append only file: 0.048 seconds
1:M 08 Sep 2026 20:26:18.751 * Ready to accept connections
1:M 08 Sep 2026 20:31:19.016 * 10 changes in 300 seconds. Saving...
1:M 08 Sep 2026 20:31:19.022 * Background saving started by pid 199
199:C 08 Sep 2026 20:31:19.028 * DB saved on disk
199:C 08 Sep 2026 20:31:19.029 * RDB: 1 MB of memory used by copy-on-write
1:M 08 Sep 2026 20:31:19.129 * Background saving terminated with success
1:M 08 Sep 2026 20:36:20.037 * 10 changes in 300 seconds. Saving...
1:M 08 Sep 2026 20:36:20.041 * Background saving started by pid 380
380:C 08 Sep 2026 20:36:20.048 * DB saved on disk
380:C 08 Sep 2026 20:36:20.049 * RDB: 1 MB of memory used by copy-on-write
1:M 08 Sep 2026 20:36:20.147 * Background saving terminated with success
1:M 08 Sep 2026 20:41:21.065 * 10 changes in 300 seconds. Saving...
1:M 08 Sep 2026 20:41:21.067 * Background saving started by pid 561
561:C 08 Sep 2026 20:41:21.074 * DB saved on disk
561:C 08 Sep 2026 20:41:21.074 * RDB: 1 MB of memory used by copy-on-write
1:M 08 Sep 2026 20:41:21.173 * Background saving terminated with success
1:M 08 Sep 2026 20:46:22.021 * 10 changes in 300 seconds. Saving...
1:M 08 Sep 2026 20:46:22.024 * Background saving started by pid 742
742:C 08 Sep 2026 20:46:22.031 * DB saved on disk
742:C 08 Sep 2026 20:46:22.032 * RDB: 1 MB of memory used by copy-on-write
1:M 08 Sep 2026 20:46:22.130 * Background saving terminated with success
1:M 08 Sep 2026 20:51:23.086 * 10 changes in 300 seconds. Saving...
1:M 08 Sep 2026 20:51:23.089 * Background saving started by pid 917
917:C 08 Sep 2026 20:51:23.097 * DB saved on disk
917:C 08 Sep 2026 20:51:23.098 * RDB: 1 MB of memory used by copy-on-write
1:M 08 Sep 2026 20:51:23.196 * Background saving terminated with success
1:M 08 Sep 2026 20:56:24.015 * 10 changes in 300 seconds. Saving...
1:M 08 Sep 2026 20:56:24.018 * Background saving started by pid 1098
1098:C 08 Sep 2026 20:56:24.027 * DB saved on disk
1098:C 08 Sep 2026 20:56:24.029 * RDB: 1 MB of memory used by copy-on-write
1:M 08 Sep 2026 20:56:24.125 * Background saving terminated with success
1:M 08 Sep 2026 21:01:25.003 * 10 changes in 300 seconds. Saving...
1:M 08 Sep 2026 21:01:25.006 * Background saving started by pid 1279
1279:C 08 Sep 2026 21:01:25.015 * DB saved on disk
1279:C 08 Sep 2026 21:01:25.016 * RDB: 1 MB of memory used by copy-on-write
1:M 08 Sep 2026 21:01:25.109 * Background saving terminated with success
1:M 08 Sep 2026 21:06:26.027 * 10 changes in 300 seconds. Saving...
1:M 08 Sep 2026 21:06:26.030 * Background saving started by pid 1460
1460:C 08 Sep 2026 21:06:26.037 * DB saved on disk
1460:C 08 Sep 2026 21:06:26.039 * RDB: 1 MB of memory used by copy-on-write
1:M 08 Sep 2026 21:06:26.135 * Background saving terminated with success
1:M 08 Sep 2026 21:11:27.077 * 10 changes in 300 seconds. Saving...
1:M 08 Sep 2026 21:11:27.079 * Background saving started by pid 1642
1642:C 08 Sep 2026 21:11:27.086 * DB saved on disk
1642:C 08 Sep 2026 21:11:27.087 * RDB: 1 MB of memory used by copy-on-write
1:M 08 Sep 2026 21:11:27.184 * Background saving terminated with success
1:M 08 Sep 2026 21:16:28.051 * 10 changes in 300 seconds. Saving...
1:M 08 Sep 2026 21:16:28.054 * Background saving started by pid 1823
1823:C 08 Sep 2026 21:16:28.061 * DB saved on disk
1823:C 08 Sep 2026 21:16:28.062 * RDB: 1 MB of memory used by copy-on-write
1:M 08 Sep 2026 21:16:28.156 * Background saving terminated with success
1:M 08 Sep 2026 21:21:29.083 * 10 changes in 300 seconds. Saving...
1:M 08 Sep 2026 21:21:29.084 * Background saving started by pid 2005
2005:C 08 Sep 2026 21:21:29.088 * DB saved on disk
2005:C 08 Sep 2026 21:21:29.089 * RDB: 1 MB of memory used by copy-on-write
1:M 08 Sep 2026 21:21:29.190 * Background saving terminated with success
1:M 08 Sep 2026 21:26:30.019 * 10 changes in 300 seconds. Saving...
1:M 08 Sep 2026 21:26:30.024 * Background saving started by pid 2186
2186:C 08 Sep 2026 21:26:30.032 * DB saved on disk
2186:C 08 Sep 2026 21:26:30.033 * RDB: 1 MB of memory used by copy-on-write
1:M 08 Sep 2026 21:26:30.131 * Background saving terminated with success
1:M 08 Sep 2026 21:31:31.074 * 10 changes in 300 seconds. Saving...
1:M 08 Sep 2026 21:31:31.077 * Background saving started by pid 2367
2367:C 08 Sep 2026 21:31:31.085 * DB saved on disk
2367:C 08 Sep 2026 21:31:31.086 * RDB: 1 MB of memory used by copy-on-write
1:M 08 Sep 2026 21:31:31.188 * Background saving terminated with success
1:M 08 Sep 2026 21:36:32.004 * 10 changes in 300 seconds. Saving...
1:M 08 Sep 2026 21:36:32.008 * Background saving started by pid 2548
2548:C 08 Sep 2026 21:36:32.016 * DB saved on disk
2548:C 08 Sep 2026 21:36:32.017 * RDB: 1 MB of memory used by copy-on-write
1:M 08 Sep 2026 21:36:32.115 * Background saving terminated with success
1:M 08 Sep 2026 21:41:33.104 * 10 changes in 300 seconds. Saving...
1:M 08 Sep 2026 21:41:33.106 * Background saving started by pid 2729
2729:C 08 Sep 2026 21:41:33.114 * DB saved on disk
2729:C 08 Sep 2026 21:41:33.115 * RDB: 1 MB of memory used by copy-on-write
1:M 08 Sep 2026 21:41:33.209 * Background saving terminated with success
1:M 08 Sep 2026 21:46:34.063 * 10 changes in 300 seconds. Saving...
1:M 08 Sep 2026 21:46:34.064 * Background saving started by pid 2904
2904:C 08 Sep 2026 21:46:34.069 * DB saved on disk
2904:C 08 Sep 2026 21:46:34.070 * RDB: 1 MB of memory used by copy-on-write
1:M 08 Sep 2026 21:46:34.171 * Background saving terminated with success
1:M 08 Sep 2026 21:51:35.005 * 10 changes in 300 seconds. Saving...
1:M 08 Sep 2026 21:51:35.008 * Background saving started by pid 3085
3085:C 08 Sep 2026 21:51:35.016 * DB saved on disk
3085:C 08 Sep 2026 21:51:35.017 * RDB: 1 MB of memory used by copy-on-write
1:M 08 Sep 2026 21:51:35.113 * Background saving terminated with success
1:M 08 Sep 2026 21:56:36.005 * 10 changes in 300 seconds. Saving...
1:M 08 Sep 2026 21:56:36.008 * Background saving started by pid 3266
3266:C 08 Sep 2026 21:56:36.016 * DB saved on disk
3266:C 08 Sep 2026 21:56:36.017 * RDB: 1 MB of memory used by copy-on-write
1:M 08 Sep 2026 21:56:36.111 * Background saving terminated with success
1:M 08 Sep 2026 22:01:37.002 * 10 changes in 300 seconds. Saving...
1:M 08 Sep 2026 22:01:37.005 * Background saving started by pid 3448
3448:C 08 Sep 2026 22:01:37.016 * DB saved on disk
3448:C 08 Sep 2026 22:01:37.017 * RDB: 1 MB of memory used by copy-on-write
1:M 08 Sep 2026 22:01:37.111 * Background saving terminated with success
1:M 08 Sep 2026 22:06:38.043 * 10 changes in 300 seconds. Saving...
1:M 08 Sep 2026 22:06:38.046 * Background saving started by pid 3629
3629:C 08 Sep 2026 22:06:38.056 * DB saved on disk
3629:C 08 Sep 2026 22:06:38.057 * RDB: 1 MB of memory used by copy-on-write
1:M 08 Sep 2026 22:06:38.152 * Background saving terminated with success
1:M 08 Sep 2026 22:11:39.077 * 10 changes in 300 seconds. Saving...
1:M 08 Sep 2026 22:11:39.081 * Background saving started by pid 3811
3811:C 08 Sep 2026 22:11:39.093 * DB saved on disk
3811:C 08 Sep 2026 22:11:39.095 * RDB: 1 MB of memory used by copy-on-write
1:M 08 Sep 2026 22:11:39.189 * Background saving terminated with success
1:M 08 Sep 2026 22:16:40.055 * 10 changes in 300 seconds. Saving...
1:M 08 Sep 2026 22:16:40.059 * Background saving started by pid 3992
3992:C 08 Sep 2026 22:16:40.073 * DB saved on disk
3992:C 08 Sep 2026 22:16:40.077 * RDB: 1 MB of memory used by copy-on-write
1:M 08 Sep 2026 22:16:40.163 * Background saving terminated with success
1:M 08 Sep 2026 22:21:41.066 * 10 changes in 300 seconds. Saving...
1:M 08 Sep 2026 22:21:41.070 * Background saving started by pid 4173
4173:C 08 Sep 2026 22:21:41.085 * DB saved on disk
4173:C 08 Sep 2026 22:21:41.086 * RDB: 1 MB of memory used by copy-on-write
1:M 08 Sep 2026 22:21:41.173 * Background saving terminated with success
1:M 08 Sep 2026 22:26:42.040 * 10 changes in 300 seconds. Saving...
1:M 08 Sep 2026 22:26:42.044 * Background saving started by pid 4354
4354:C 08 Sep 2026 22:26:42.053 * DB saved on disk
4354:C 08 Sep 2026 22:26:42.055 * RDB: 1 MB of memory used by copy-on-write
1:M 08 Sep 2026 22:26:42.156 * Background saving terminated with success
1:M 08 Sep 2026 22:31:43.048 * 10 changes in 300 seconds. Saving...
1:M 08 Sep 2026 22:31:43.051 * Background saving started by pid 4535
4535:C 08 Sep 2026 22:31:43.059 * DB saved on disk
4535:C 08 Sep 2026 22:31:43.060 * RDB: 1 MB of memory used by copy-on-write
1:M 08 Sep 2026 22:31:43.154 * Background saving terminated with success
1:M 08 Sep 2026 22:36:44.028 * 10 changes in 300 seconds. Saving...
1:M 08 Sep 2026 22:36:44.032 * Background saving started by pid 4716
4716:C 08 Sep 2026 22:36:44.039 * DB saved on disk
4716:C 08 Sep 2026 22:36:44.040 * RDB: 1 MB of memory used by copy-on-write
1:M 08 Sep 2026 22:36:44.143 * Background saving terminated with success
1:M 08 Sep 2026 22:41:45.042 * 10 changes in 300 seconds. Saving...
1:M 08 Sep 2026 22:41:45.047 * Background saving started by pid 4897
4897:C 08 Sep 2026 22:41:45.054 * DB saved on disk
4897:C 08 Sep 2026 22:41:45.055 * RDB: 1 MB of memory used by copy-on-write
1:M 08 Sep 2026 22:41:45.157 * Background saving terminated with success
1:M 08 Sep 2026 22:46:46.065 * 10 changes in 300 seconds. Saving...
1:M 08 Sep 2026 22:46:46.068 * Background saving started by pid 5071
5071:C 08 Sep 2026 22:46:46.077 * DB saved on disk
5071:C 08 Sep 2026 22:46:46.078 * RDB: 1 MB of memory used by copy-on-write
1:M 08 Sep 2026 22:46:46.176 * Background saving terminated with success
1:M 08 Sep 2026 22:51:47.059 * 10 changes in 300 seconds. Saving...
1:M 08 Sep 2026 22:51:47.062 * Background saving started by pid 5252
5252:C 08 Sep 2026 22:51:47.071 * DB saved on disk
5252:C 08 Sep 2026 22:51:47.073 * RDB: 1 MB of memory used by copy-on-write
1:M 08 Sep 2026 22:51:47.172 * Background saving terminated with success
1:M 08 Sep 2026 22:56:48.101 * 10 changes in 300 seconds. Saving...
1:M 08 Sep 2026 22:56:48.107 * Background saving started by pid 5433
5433:C 08 Sep 2026 22:56:48.116 * DB saved on disk
5433:C 08 Sep 2026 22:56:48.117 * RDB: 1 MB of memory used by copy-on-write
1:M 08 Sep 2026 22:56:48.219 * Background saving terminated with success
1:M 08 Sep 2026 23:01:49.024 * 10 changes in 300 seconds. Saving...
1:M 08 Sep 2026 23:01:49.027 * Background saving started by pid 5614
5614:C 08 Sep 2026 23:01:49.037 * DB saved on disk
5614:C 08 Sep 2026 23:01:49.038 * RDB: 1 MB of memory used by copy-on-write
1:M 08 Sep 2026 23:01:49.139 * Background saving terminated with success
1:M 08 Sep 2026 23:06:50.054 * 10 changes in 300 seconds. Saving...
1:M 08 Sep 2026 23:06:50.058 * Background saving started by pid 5795
5795:C 08 Sep 2026 23:06:50.068 * DB saved on disk
5795:C 08 Sep 2026 23:06:50.069 * RDB: 1 MB of memory used by copy-on-write
1:M 08 Sep 2026 23:06:50.165 * Background saving terminated with success
1:M 08 Sep 2026 23:11:51.051 * 10 changes in 300 seconds. Saving...
1:M 08 Sep 2026 23:11:51.054 * Background saving started by pid 5976
5976:C 08 Sep 2026 23:11:51.063 * DB saved on disk
5976:C 08 Sep 2026 23:11:51.064 * RDB: 1 MB of memory used by copy-on-write
1:M 08 Sep 2026 23:11:51.157 * Background saving terminated with success
1:M 08 Sep 2026 23:16:52.059 * 10 changes in 300 seconds. Saving...
1:M 08 Sep 2026 23:16:52.062 * Background saving started by pid 6158
6158:C 08 Sep 2026 23:16:52.070 * DB saved on disk
6158:C 08 Sep 2026 23:16:52.072 * RDB: 1 MB of memory used by copy-on-write
1:M 08 Sep 2026 23:16:52.169 * Background saving terminated with success
1:M 08 Sep 2026 23:21:53.000 * 10 changes in 300 seconds. Saving...
1:M 08 Sep 2026 23:21:53.004 * Background saving started by pid 6339
6339:C 08 Sep 2026 23:21:53.014 * DB saved on disk
6339:C 08 Sep 2026 23:21:53.015 * RDB: 1 MB of memory used by copy-on-write
1:M 08 Sep 2026 23:21:53.116 * Background saving terminated with success
1:M 08 Sep 2026 23:26:54.057 * 10 changes in 300 seconds. Saving...
1:M 08 Sep 2026 23:26:54.060 * Background saving started by pid 6520
6520:C 08 Sep 2026 23:26:54.068 * DB saved on disk
6520:C 08 Sep 2026 23:26:54.069 * RDB: 1 MB of memory used by copy-on-write
1:M 08 Sep 2026 23:26:54.164 * Background saving terminated with success
1:M 08 Sep 2026 23:31:55.012 * 10 changes in 300 seconds. Saving...
1:M 08 Sep 2026 23:31:55.015 * Background saving started by pid 6701
6701:C 08 Sep 2026 23:31:55.029 * DB saved on disk
6701:C 08 Sep 2026 23:31:55.030 * RDB: 1 MB of memory used by copy-on-write
1:M 08 Sep 2026 23:31:55.124 * Background saving terminated with success
1:M 08 Sep 2026 23:36:56.034 * 10 changes in 300 seconds. Saving...
1:M 08 Sep 2026 23:36:56.040 * Background saving started by pid 6884
6884:C 08 Sep 2026 23:36:56.049 * DB saved on disk
6884:C 08 Sep 2026 23:36:56.051 * RDB: 1 MB of memory used by copy-on-write
1:M 08 Sep 2026 23:36:56.147 * Background saving terminated with success
1:M 08 Sep 2026 23:41:57.023 * 10 changes in 300 seconds. Saving...
1:M 08 Sep 2026 23:41:57.026 * Background saving started by pid 7065
7065:C 08 Sep 2026 23:41:57.035 * DB saved on disk
7065:C 08 Sep 2026 23:41:57.036 * RDB: 1 MB of memory used by copy-on-write
1:M 08 Sep 2026 23:41:57.131 * Background saving terminated with success
1:M 08 Sep 2026 23:46:58.079 * 10 changes in 300 seconds. Saving...
1:M 08 Sep 2026 23:46:58.083 * Background saving started by pid 7239
7239:C 08 Sep 2026 23:46:58.093 * DB saved on disk
7239:C 08 Sep 2026 23:46:58.095 * RDB: 1 MB of memory used by copy-on-write
1:M 08 Sep 2026 23:46:58.186 * Background saving terminated with success
1:M 08 Sep 2026 23:51:59.051 * 10 changes in 300 seconds. Saving...
1:M 08 Sep 2026 23:51:59.054 * Background saving started by pid 7419
7419:C 08 Sep 2026 23:51:59.064 * DB saved on disk
7419:C 08 Sep 2026 23:51:59.066 * RDB: 1 MB of memory used by copy-on-write
1:M 08 Sep 2026 23:51:59.157 * Background saving terminated with success
1:M 08 Sep 2026 23:57:00.065 * 10 changes in 300 seconds. Saving...
1:M 08 Sep 2026 23:57:00.067 * Background saving started by pid 7599
7599:C 08 Sep 2026 23:57:00.075 * DB saved on disk
7599:C 08 Sep 2026 23:57:00.076 * RDB: 1 MB of memory used by copy-on-write
1:M 08 Sep 2026 23:57:00.169 * Background saving terminated with success
1:M 09 Sep 2026 00:02:01.002 * 10 changes in 300 seconds. Saving...
1:M 09 Sep 2026 00:02:01.005 * Background saving started by pid 7780
7780:C 09 Sep 2026 00:02:01.013 * DB saved on disk
7780:C 09 Sep 2026 00:02:01.015 * RDB: 1 MB of memory used by copy-on-write
1:M 09 Sep 2026 00:02:01.109 * Background saving terminated with success
1:M 09 Sep 2026 00:07:02.009 * 10 changes in 300 seconds. Saving...
1:M 09 Sep 2026 00:07:02.012 * Background saving started by pid 7962
7962:C 09 Sep 2026 00:07:02.016 * DB saved on disk
7962:C 09 Sep 2026 00:07:02.016 * RDB: 1 MB of memory used by copy-on-write
1:M 09 Sep 2026 00:07:02.113 * Background saving terminated with success
1:M 09 Sep 2026 00:12:03.046 * 10 changes in 300 seconds. Saving...
1:M 09 Sep 2026 00:12:03.048 * Background saving started by pid 8143
8143:C 09 Sep 2026 00:12:03.052 * DB saved on disk
8143:C 09 Sep 2026 00:12:03.052 * RDB: 1 MB of memory used by copy-on-write
1:M 09 Sep 2026 00:12:03.149 * Background saving terminated with success
1:M 09 Sep 2026 00:17:04.105 * 10 changes in 300 seconds. Saving...
1:M 09 Sep 2026 00:17:04.108 * Background saving started by pid 8324
8324:C 09 Sep 2026 00:17:04.117 * DB saved on disk
8324:C 09 Sep 2026 00:17:04.118 * RDB: 1 MB of memory used by copy-on-write
1:M 09 Sep 2026 00:17:04.220 * Background saving terminated with success
1:M 09 Sep 2026 00:22:05.052 * 10 changes in 300 seconds. Saving...
1:M 09 Sep 2026 00:22:05.054 * Background saving started by pid 8504
8504:C 09 Sep 2026 00:22:05.065 * DB saved on disk
8504:C 09 Sep 2026 00:22:05.066 * RDB: 1 MB of memory used by copy-on-write
1:M 09 Sep 2026 00:22:05.156 * Background saving terminated with success
1:M 09 Sep 2026 00:27:06.006 * 10 changes in 300 seconds. Saving...
1:M 09 Sep 2026 00:27:06.009 * Background saving started by pid 8686
8686:C 09 Sep 2026 00:27:06.017 * DB saved on disk
8686:C 09 Sep 2026 00:27:06.018 * RDB: 1 MB of memory used by copy-on-write
1:M 09 Sep 2026 00:27:06.117 * Background saving terminated with success
1:M 09 Sep 2026 00:32:07.042 * 10 changes in 300 seconds. Saving...
1:M 09 Sep 2026 00:32:07.046 * Background saving started by pid 8867
8867:C 09 Sep 2026 00:32:07.054 * DB saved on disk
8867:C 09 Sep 2026 00:32:07.055 * RDB: 1 MB of memory used by copy-on-write
1:M 09 Sep 2026 00:32:07.150 * Background saving terminated with success
1:M 09 Sep 2026 00:37:08.016 * 10 changes in 300 seconds. Saving...
1:M 09 Sep 2026 00:37:08.019 * Background saving started by pid 9047
9047:C 09 Sep 2026 00:37:08.027 * DB saved on disk
9047:C 09 Sep 2026 00:37:08.028 * RDB: 1 MB of memory used by copy-on-write
1:M 09 Sep 2026 00:37:08.125 * Background saving terminated with success
1:M 09 Sep 2026 00:42:09.021 * 10 changes in 300 seconds. Saving...
1:M 09 Sep 2026 00:42:09.024 * Background saving started by pid 9222
9222:C 09 Sep 2026 00:42:09.038 * DB saved on disk
9222:C 09 Sep 2026 00:42:09.038 * RDB: 1 MB of memory used by copy-on-write
1:M 09 Sep 2026 00:42:09.125 * Background saving terminated with success
1:M 09 Sep 2026 00:47:10.082 * 10 changes in 300 seconds. Saving...
1:M 09 Sep 2026 00:47:10.086 * Background saving started by pid 9403
9403:C 09 Sep 2026 00:47:10.097 * DB saved on disk
9403:C 09 Sep 2026 00:47:10.099 * RDB: 1 MB of memory used by copy-on-write
1:M 09 Sep 2026 00:47:10.192 * Background saving terminated with success
1:M 09 Sep 2026 00:52:11.023 * 10 changes in 300 seconds. Saving...
1:M 09 Sep 2026 00:52:11.027 * Background saving started by pid 9584
9584:C 09 Sep 2026 00:52:11.037 * DB saved on disk
9584:C 09 Sep 2026 00:52:11.038 * RDB: 1 MB of memory used by copy-on-write
1:M 09 Sep 2026 00:52:11.131 * Background saving terminated with success
1:M 09 Sep 2026 00:57:12.109 * 10 changes in 300 seconds. Saving...
1:M 09 Sep 2026 00:57:12.112 * Background saving started by pid 9764
9764:C 09 Sep 2026 00:57:12.122 * DB saved on disk
9764:C 09 Sep 2026 00:57:12.123 * RDB: 1 MB of memory used by copy-on-write
1:M 09 Sep 2026 00:57:12.224 * Background saving terminated with success
1:M 09 Sep 2026 01:02:13.073 * 10 changes in 300 seconds. Saving...
1:M 09 Sep 2026 01:02:13.077 * Background saving started by pid 9944
9944:C 09 Sep 2026 01:02:13.086 * DB saved on disk
9944:C 09 Sep 2026 01:02:13.087 * RDB: 1 MB of memory used by copy-on-write
1:M 09 Sep 2026 01:02:13.188 * Background saving terminated with success
1:M 09 Sep 2026 01:07:14.092 * 10 changes in 300 seconds. Saving...
1:M 09 Sep 2026 01:07:14.095 * Background saving started by pid 10125
10125:C 09 Sep 2026 01:07:14.103 * DB saved on disk
10125:C 09 Sep 2026 01:07:14.104 * RDB: 1 MB of memory used by copy-on-write
1:M 09 Sep 2026 01:07:14.207 * Background saving terminated with success
1:M 09 Sep 2026 01:12:15.047 * 10 changes in 300 seconds. Saving...
1:M 09 Sep 2026 01:12:15.050 * Background saving started by pid 10306
10306:C 09 Sep 2026 01:12:15.059 * DB saved on disk
10306:C 09 Sep 2026 01:12:15.060 * RDB: 1 MB of memory used by copy-on-write
1:M 09 Sep 2026 01:12:15.153 * Background saving terminated with success
1:M 09 Sep 2026 01:17:16.030 * 10 changes in 300 seconds. Saving...
1:M 09 Sep 2026 01:17:16.033 * Background saving started by pid 10487
10487:C 09 Sep 2026 01:17:16.042 * DB saved on disk
10487:C 09 Sep 2026 01:17:16.043 * RDB: 1 MB of memory used by copy-on-write
1:M 09 Sep 2026 01:17:16.145 * Background saving terminated with success
1:M 09 Sep 2026 01:22:17.051 * 10 changes in 300 seconds. Saving...
1:M 09 Sep 2026 01:22:17.054 * Background saving started by pid 10667
10667:C 09 Sep 2026 01:22:17.063 * DB saved on disk
10667:C 09 Sep 2026 01:22:17.063 * RDB: 1 MB of memory used by copy-on-write
1:M 09 Sep 2026 01:22:17.157 * Background saving terminated with success
1:M 09 Sep 2026 01:27:18.087 * 10 changes in 300 seconds. Saving...
1:M 09 Sep 2026 01:27:18.090 * Background saving started by pid 10849
10849:C 09 Sep 2026 01:27:18.099 * DB saved on disk
10849:C 09 Sep 2026 01:27:18.101 * RDB: 1 MB of memory used by copy-on-write
1:M 09 Sep 2026 01:27:18.197 * Background saving terminated with success
1:M 09 Sep 2026 01:32:19.071 * 10 changes in 300 seconds. Saving...
1:M 09 Sep 2026 01:32:19.074 * Background saving started by pid 11030
11030:C 09 Sep 2026 01:32:19.083 * DB saved on disk
11030:C 09 Sep 2026 01:32:19.084 * RDB: 1 MB of memory used by copy-on-write
1:M 09 Sep 2026 01:32:19.182 * Background saving terminated with success
1:M 09 Sep 2026 01:37:20.102 * 10 changes in 300 seconds. Saving...
1:M 09 Sep 2026 01:37:20.104 * Background saving started by pid 11211
11211:C 09 Sep 2026 01:37:20.115 * DB saved on disk
11211:C 09 Sep 2026 01:37:20.116 * RDB: 1 MB of memory used by copy-on-write
1:M 09 Sep 2026 01:37:20.216 * Background saving terminated with success
1:M 09 Sep 2026 01:42:21.057 * 10 changes in 300 seconds. Saving...
1:M 09 Sep 2026 01:42:21.060 * Background saving started by pid 11385
11385:C 09 Sep 2026 01:42:21.069 * DB saved on disk
11385:C 09 Sep 2026 01:42:21.071 * RDB: 1 MB of memory used by copy-on-write
1:M 09 Sep 2026 01:42:21.163 * Background saving terminated with success
1:M 09 Sep 2026 01:47:22.070 * 10 changes in 300 seconds. Saving...
1:M 09 Sep 2026 01:47:22.073 * Background saving started by pid 11567
11567:C 09 Sep 2026 01:47:22.086 * DB saved on disk
11567:C 09 Sep 2026 01:47:22.087 * RDB: 1 MB of memory used by copy-on-write
1:M 09 Sep 2026 01:47:22.181 * Background saving terminated with success
1:M 09 Sep 2026 01:52:23.014 * 10 changes in 300 seconds. Saving...
1:M 09 Sep 2026 01:52:23.018 * Background saving started by pid 11747
11747:C 09 Sep 2026 01:52:23.027 * DB saved on disk
11747:C 09 Sep 2026 01:52:23.028 * RDB: 1 MB of memory used by copy-on-write
1:M 09 Sep 2026 01:52:23.129 * Background saving terminated with success
1:M 09 Sep 2026 01:57:24.073 * 10 changes in 300 seconds. Saving...
1:M 09 Sep 2026 01:57:24.075 * Background saving started by pid 11930
11930:C 09 Sep 2026 01:57:24.078 * DB saved on disk
11930:C 09 Sep 2026 01:57:24.079 * RDB: 1 MB of memory used by copy-on-write
1:M 09 Sep 2026 01:57:24.185 * Background saving terminated with success
1:M 09 Sep 2026 02:02:25.015 * 10 changes in 300 seconds. Saving...
1:M 09 Sep 2026 02:02:25.018 * Background saving started by pid 12111
12111:C 09 Sep 2026 02:02:25.028 * DB saved on disk
12111:C 09 Sep 2026 02:02:25.029 * RDB: 1 MB of memory used by copy-on-write
1:M 09 Sep 2026 02:02:25.128 * Background saving terminated with success
1:M 09 Sep 2026 02:07:26.055 * 10 changes in 300 seconds. Saving...
1:M 09 Sep 2026 02:07:26.059 * Background saving started by pid 12294
12294:C 09 Sep 2026 02:07:26.068 * DB saved on disk
12294:C 09 Sep 2026 02:07:26.070 * RDB: 1 MB of memory used by copy-on-write
1:M 09 Sep 2026 02:07:26.161 * Background saving terminated with success
1:M 09 Sep 2026 02:12:27.007 * 10 changes in 300 seconds. Saving...
1:M 09 Sep 2026 02:12:27.011 * Background saving started by pid 12476
12476:C 09 Sep 2026 02:12:27.022 * DB saved on disk
12476:C 09 Sep 2026 02:12:27.024 * RDB: 1 MB of memory used by copy-on-write
1:M 09 Sep 2026 02:12:27.117 * Background saving terminated with success
1:M 09 Sep 2026 02:17:28.024 * 10 changes in 300 seconds. Saving...
1:M 09 Sep 2026 02:17:28.027 * Background saving started by pid 12657
12657:C 09 Sep 2026 02:17:28.037 * DB saved on disk
12657:C 09 Sep 2026 02:17:28.038 * RDB: 1 MB of memory used by copy-on-write
1:M 09 Sep 2026 02:17:28.139 * Background saving terminated with success
1:M 09 Sep 2026 02:22:29.057 * 10 changes in 300 seconds. Saving...
1:M 09 Sep 2026 02:22:29.061 * Background saving started by pid 12839
12839:C 09 Sep 2026 02:22:29.071 * DB saved on disk
12839:C 09 Sep 2026 02:22:29.073 * RDB: 1 MB of memory used by copy-on-write
1:M 09 Sep 2026 02:22:29.166 * Background saving terminated with success
1:M 09 Sep 2026 02:27:30.098 * 10 changes in 300 seconds. Saving...
1:M 09 Sep 2026 02:27:30.101 * Background saving started by pid 13021
13021:C 09 Sep 2026 02:27:30.111 * DB saved on disk
13021:C 09 Sep 2026 02:27:30.112 * RDB: 1 MB of memory used by copy-on-write
1:M 09 Sep 2026 02:27:30.210 * Background saving terminated with success
1:M 09 Sep 2026 02:32:31.103 * 10 changes in 300 seconds. Saving...
1:M 09 Sep 2026 02:32:31.106 * Background saving started by pid 13202
13202:C 09 Sep 2026 02:32:31.116 * DB saved on disk
13202:C 09 Sep 2026 02:32:31.117 * RDB: 1 MB of memory used by copy-on-write
1:M 09 Sep 2026 02:32:31.208 * Background saving terminated with success
1:M 09 Sep 2026 02:37:32.045 * 10 changes in 300 seconds. Saving...
1:M 09 Sep 2026 02:37:32.045 * Background saving started by pid 13383
13383:C 09 Sep 2026 02:37:32.049 * DB saved on disk
13383:C 09 Sep 2026 02:37:32.049 * RDB: 1 MB of memory used by copy-on-write
1:M 09 Sep 2026 02:37:32.151 * Background saving terminated with success
1:M 09 Sep 2026 02:42:33.012 * 10 changes in 300 seconds. Saving...
1:M 09 Sep 2026 02:42:33.016 * Background saving started by pid 13559
13559:C 09 Sep 2026 02:42:33.028 * DB saved on disk
13559:C 09 Sep 2026 02:42:33.030 * RDB: 1 MB of memory used by copy-on-write
1:M 09 Sep 2026 02:42:33.128 * Background saving terminated with success
1:M 09 Sep 2026 02:47:34.106 * 10 changes in 300 seconds. Saving...
1:M 09 Sep 2026 02:47:34.110 * Background saving started by pid 13740
13740:C 09 Sep 2026 02:47:34.120 * DB saved on disk
13740:C 09 Sep 2026 02:47:34.121 * RDB: 1 MB of memory used by copy-on-write
1:M 09 Sep 2026 02:47:34.222 * Background saving terminated with success
1:M 09 Sep 2026 02:52:35.107 * 10 changes in 300 seconds. Saving...
1:M 09 Sep 2026 02:52:35.111 * Background saving started by pid 13920
13920:C 09 Sep 2026 02:52:35.121 * DB saved on disk
13920:C 09 Sep 2026 02:52:35.123 * RDB: 1 MB of memory used by copy-on-write
1:M 09 Sep 2026 02:52:35.215 * Background saving terminated with success
1:M 09 Sep 2026 02:57:36.032 * 10 changes in 300 seconds. Saving...
1:M 09 Sep 2026 02:57:36.035 * Background saving started by pid 14101
14101:C 09 Sep 2026 02:57:36.046 * DB saved on disk
14101:C 09 Sep 2026 02:57:36.048 * RDB: 1 MB of memory used by copy-on-write
1:M 09 Sep 2026 02:57:36.147 * Background saving terminated with success
1:M 09 Sep 2026 03:02:37.099 * 10 changes in 300 seconds. Saving...
1:M 09 Sep 2026 03:02:37.102 * Background saving started by pid 14282
14282:C 09 Sep 2026 03:02:37.113 * DB saved on disk
14282:C 09 Sep 2026 03:02:37.115 * RDB: 1 MB of memory used by copy-on-write
1:M 09 Sep 2026 03:02:37.211 * Background saving terminated with success
1:M 09 Sep 2026 03:07:38.080 * 10 changes in 300 seconds. Saving...
1:M 09 Sep 2026 03:07:38.083 * Background saving started by pid 14463
14463:C 09 Sep 2026 03:07:38.093 * DB saved on disk
14463:C 09 Sep 2026 03:07:38.094 * RDB: 1 MB of memory used by copy-on-write
1:M 09 Sep 2026 03:07:38.186 * Background saving terminated with success
1:M 09 Sep 2026 03:12:39.047 * 10 changes in 300 seconds. Saving...
1:M 09 Sep 2026 03:12:39.050 * Background saving started by pid 14644
14644:C 09 Sep 2026 03:12:39.061 * DB saved on disk
14644:C 09 Sep 2026 03:12:39.062 * RDB: 1 MB of memory used by copy-on-write
1:M 09 Sep 2026 03:12:39.156 * Background saving terminated with success
1:M 09 Sep 2026 03:17:40.049 * 10 changes in 300 seconds. Saving...
1:M 09 Sep 2026 03:17:40.053 * Background saving started by pid 14825
14825:C 09 Sep 2026 03:17:40.061 * DB saved on disk
14825:C 09 Sep 2026 03:17:40.063 * RDB: 1 MB of memory used by copy-on-write
1:M 09 Sep 2026 03:17:40.155 * Background saving terminated with success
1:M 09 Sep 2026 03:22:41.061 * 10 changes in 300 seconds. Saving...
1:M 09 Sep 2026 03:22:41.065 * Background saving started by pid 15006
15006:C 09 Sep 2026 03:22:41.076 * DB saved on disk
15006:C 09 Sep 2026 03:22:41.077 * RDB: 1 MB of memory used by copy-on-write
1:M 09 Sep 2026 03:22:41.170 * Background saving terminated with success
1:M 09 Sep 2026 03:27:42.100 * 10 changes in 300 seconds. Saving...
1:M 09 Sep 2026 03:27:42.103 * Background saving started by pid 15187
15187:C 09 Sep 2026 03:27:42.113 * DB saved on disk
15187:C 09 Sep 2026 03:27:42.115 * RDB: 1 MB of memory used by copy-on-write
1:M 09 Sep 2026 03:27:42.215 * Background saving terminated with success
1:M 09 Sep 2026 03:32:43.031 * 10 changes in 300 seconds. Saving...
1:M 09 Sep 2026 03:32:43.034 * Background saving started by pid 15367
15367:C 09 Sep 2026 03:32:43.043 * DB saved on disk
15367:C 09 Sep 2026 03:32:43.043 * RDB: 1 MB of memory used by copy-on-write
1:M 09 Sep 2026 03:32:43.144 * Background saving terminated with success
1:M 09 Sep 2026 03:37:44.055 * 10 changes in 300 seconds. Saving...
1:M 09 Sep 2026 03:37:44.058 * Background saving started by pid 15542
15542:C 09 Sep 2026 03:37:44.071 * DB saved on disk
15542:C 09 Sep 2026 03:37:44.072 * RDB: 1 MB of memory used by copy-on-write
1:M 09 Sep 2026 03:37:44.162 * Background saving terminated with success
1:M 09 Sep 2026 03:42:45.043 * 10 changes in 300 seconds. Saving...
1:M 09 Sep 2026 03:42:45.047 * Background saving started by pid 15723
15723:C 09 Sep 2026 03:42:45.062 * DB saved on disk
15723:C 09 Sep 2026 03:42:45.066 * RDB: 1 MB of memory used by copy-on-write
1:M 09 Sep 2026 03:42:45.155 * Background saving terminated with success
1:M 09 Sep 2026 03:47:46.021 * 10 changes in 300 seconds. Saving...
1:M 09 Sep 2026 03:47:46.024 * Background saving started by pid 15904
15904:C 09 Sep 2026 03:47:46.036 * DB saved on disk
15904:C 09 Sep 2026 03:47:46.037 * RDB: 1 MB of memory used by copy-on-write
1:M 09 Sep 2026 03:47:46.127 * Background saving terminated with success
1:M 09 Sep 2026 03:52:47.033 * 10 changes in 300 seconds. Saving...
1:M 09 Sep 2026 03:52:47.037 * Background saving started by pid 16086
16086:C 09 Sep 2026 03:52:47.050 * DB saved on disk
16086:C 09 Sep 2026 03:52:47.052 * RDB: 1 MB of memory used by copy-on-write
1:M 09 Sep 2026 03:52:47.148 * Background saving terminated with success
1:M 09 Sep 2026 03:57:48.050 * 10 changes in 300 seconds. Saving...
1:M 09 Sep 2026 03:57:48.054 * Background saving started by pid 16267
16267:C 09 Sep 2026 03:57:48.065 * DB saved on disk
16267:C 09 Sep 2026 03:57:48.066 * RDB: 1 MB of memory used by copy-on-write
1:M 09 Sep 2026 03:57:48.156 * Background saving terminated with success
1:M 09 Sep 2026 04:02:49.063 * 10 changes in 300 seconds. Saving...
1:M 09 Sep 2026 04:02:49.066 * Background saving started by pid 16450
16450:C 09 Sep 2026 04:02:49.076 * DB saved on disk
16450:C 09 Sep 2026 04:02:49.077 * RDB: 1 MB of memory used by copy-on-write
1:M 09 Sep 2026 04:02:49.172 * Background saving terminated with success
1:M 09 Sep 2026 04:07:50.012 * 10 changes in 300 seconds. Saving...
1:M 09 Sep 2026 04:07:50.016 * Background saving started by pid 16631
16631:C 09 Sep 2026 04:07:50.028 * DB saved on disk
16631:C 09 Sep 2026 04:07:50.030 * RDB: 1 MB of memory used by copy-on-write
1:M 09 Sep 2026 04:07:50.128 * Background saving terminated with success
1:M 09 Sep 2026 04:12:51.055 * 10 changes in 300 seconds. Saving...
1:M 09 Sep 2026 04:12:51.059 * Background saving started by pid 16812
16812:C 09 Sep 2026 04:12:51.070 * DB saved on disk
16812:C 09 Sep 2026 04:12:51.072 * RDB: 1 MB of memory used by copy-on-write
1:M 09 Sep 2026 04:12:51.161 * Background saving terminated with success
1:M 09 Sep 2026 04:17:52.066 * 10 changes in 300 seconds. Saving...
1:M 09 Sep 2026 04:17:52.069 * Background saving started by pid 16993
16993:C 09 Sep 2026 04:17:52.079 * DB saved on disk
16993:C 09 Sep 2026 04:17:52.080 * RDB: 1 MB of memory used by copy-on-write
1:M 09 Sep 2026 04:17:52.172 * Background saving terminated with success
1:M 09 Sep 2026 04:22:53.026 * 10 changes in 300 seconds. Saving...
1:M 09 Sep 2026 04:22:53.029 * Background saving started by pid 17174
17174:C 09 Sep 2026 04:22:53.041 * DB saved on disk
17174:C 09 Sep 2026 04:22:53.042 * RDB: 1 MB of memory used by copy-on-write
1:M 09 Sep 2026 04:22:53.141 * Background saving terminated with success
1:M 09 Sep 2026 04:27:54.040 * 10 changes in 300 seconds. Saving...
1:M 09 Sep 2026 04:27:54.044 * Background saving started by pid 17355
17355:C 09 Sep 2026 04:27:54.055 * DB saved on disk
17355:C 09 Sep 2026 04:27:54.057 * RDB: 1 MB of memory used by copy-on-write
1:M 09 Sep 2026 04:27:54.156 * Background saving terminated with success
1:M 09 Sep 2026 04:32:55.029 * 10 changes in 300 seconds. Saving...
1:M 09 Sep 2026 04:32:55.033 * Background saving started by pid 17529
17529:C 09 Sep 2026 04:32:55.044 * DB saved on disk
17529:C 09 Sep 2026 04:32:55.046 * RDB: 1 MB of memory used by copy-on-write
1:M 09 Sep 2026 04:32:55.145 * Background saving terminated with success
1:M 09 Sep 2026 04:37:56.029 * 10 changes in 300 seconds. Saving...
1:M 09 Sep 2026 04:37:56.032 * Background saving started by pid 17709
17709:C 09 Sep 2026 04:37:56.044 * DB saved on disk
17709:C 09 Sep 2026 04:37:56.046 * RDB: 1 MB of memory used by copy-on-write
1:M 09 Sep 2026 04:37:56.144 * Background saving terminated with success
1:M 09 Sep 2026 04:42:57.030 * 10 changes in 300 seconds. Saving...
1:M 09 Sep 2026 04:42:57.034 * Background saving started by pid 17889
17889:C 09 Sep 2026 04:42:57.044 * DB saved on disk
17889:C 09 Sep 2026 04:42:57.046 * RDB: 1 MB of memory used by copy-on-write
1:M 09 Sep 2026 04:42:57.137 * Background saving terminated with success
1:M 09 Sep 2026 04:47:58.102 * 10 changes in 300 seconds. Saving...
1:M 09 Sep 2026 04:47:58.106 * Background saving started by pid 18070
18070:C 09 Sep 2026 04:47:58.119 * DB saved on disk
18070:C 09 Sep 2026 04:47:58.122 * RDB: 1 MB of memory used by copy-on-write
1:M 09 Sep 2026 04:47:58.209 * Background saving terminated with success
1:M 09 Sep 2026 04:52:59.047 * 10 changes in 300 seconds. Saving...
1:M 09 Sep 2026 04:52:59.049 * Background saving started by pid 18251
18251:C 09 Sep 2026 04:52:59.061 * DB saved on disk
18251:C 09 Sep 2026 04:52:59.064 * RDB: 1 MB of memory used by copy-on-write
1:M 09 Sep 2026 04:52:59.152 * Background saving terminated with success
1:M 09 Sep 2026 04:58:00.053 * 10 changes in 300 seconds. Saving...
1:M 09 Sep 2026 04:58:00.057 * Background saving started by pid 18432
18432:C 09 Sep 2026 04:58:00.070 * DB saved on disk
18432:C 09 Sep 2026 04:58:00.072 * RDB: 1 MB of memory used by copy-on-write
1:M 09 Sep 2026 04:58:00.160 * Background saving terminated with success
1:M 09 Sep 2026 05:03:01.063 * 10 changes in 300 seconds. Saving...
1:M 09 Sep 2026 05:03:01.066 * Background saving started by pid 18613
18613:C 09 Sep 2026 05:03:01.081 * DB saved on disk
18613:C 09 Sep 2026 05:03:01.082 * RDB: 1 MB of memory used by copy-on-write
1:M 09 Sep 2026 05:03:01.172 * Background saving terminated with success
1:M 09 Sep 2026 05:08:02.075 * 10 changes in 300 seconds. Saving...
1:M 09 Sep 2026 05:08:02.078 * Background saving started by pid 18794
18794:C 09 Sep 2026 05:08:02.083 * DB saved on disk
18794:C 09 Sep 2026 05:08:02.083 * RDB: 1 MB of memory used by copy-on-write
1:M 09 Sep 2026 05:08:02.188 * Background saving terminated with success
1:M 09 Sep 2026 05:13:03.044 * 10 changes in 300 seconds. Saving...
1:M 09 Sep 2026 05:13:03.046 * Background saving started by pid 18974
18974:C 09 Sep 2026 05:13:03.057 * DB saved on disk
18974:C 09 Sep 2026 05:13:03.059 * RDB: 1 MB of memory used by copy-on-write
1:M 09 Sep 2026 05:13:03.158 * Background saving terminated with success
1:M 09 Sep 2026 05:18:04.077 * 10 changes in 300 seconds. Saving...
1:M 09 Sep 2026 05:18:04.078 * Background saving started by pid 19155
19155:C 09 Sep 2026 05:18:04.083 * DB saved on disk
19155:C 09 Sep 2026 05:18:04.084 * RDB: 1 MB of memory used by copy-on-write
1:M 09 Sep 2026 05:18:04.190 * Background saving terminated with success
1:M 09 Sep 2026 05:23:05.013 * 10 changes in 300 seconds. Saving...
1:M 09 Sep 2026 05:23:05.016 * Background saving started by pid 19336
19336:C 09 Sep 2026 05:23:05.028 * DB saved on disk
19336:C 09 Sep 2026 05:23:05.029 * RDB: 1 MB of memory used by copy-on-write
1:M 09 Sep 2026 05:23:05.118 * Background saving terminated with success
1:M 09 Sep 2026 05:28:06.072 * 10 changes in 300 seconds. Saving...
1:M 09 Sep 2026 05:28:06.075 * Background saving started by pid 19516
19516:C 09 Sep 2026 05:28:06.086 * DB saved on disk
19516:C 09 Sep 2026 05:28:06.087 * RDB: 1 MB of memory used by copy-on-write
1:M 09 Sep 2026 05:28:06.178 * Background saving terminated with success
1:M 09 Sep 2026 05:33:07.010 * 10 changes in 300 seconds. Saving...
1:M 09 Sep 2026 05:33:07.013 * Background saving started by pid 19692
19692:C 09 Sep 2026 05:33:07.024 * DB saved on disk
19692:C 09 Sep 2026 05:33:07.026 * RDB: 1 MB of memory used by copy-on-write
1:M 09 Sep 2026 05:33:07.125 * Background saving terminated with success
1:M 09 Sep 2026 05:38:08.008 * 10 changes in 300 seconds. Saving...
1:M 09 Sep 2026 05:38:08.011 * Background saving started by pid 19874
19874:C 09 Sep 2026 05:38:08.022 * DB saved on disk
19874:C 09 Sep 2026 05:38:08.023 * RDB: 1 MB of memory used by copy-on-write
1:M 09 Sep 2026 05:38:08.118 * Background saving terminated with success
1:M 09 Sep 2026 05:43:09.062 * 10 changes in 300 seconds. Saving...
1:M 09 Sep 2026 05:43:09.065 * Background saving started by pid 20055
20055:C 09 Sep 2026 05:43:09.076 * DB saved on disk
20055:C 09 Sep 2026 05:43:09.077 * RDB: 1 MB of memory used by copy-on-write
1:M 09 Sep 2026 05:43:09.172 * Background saving terminated with success
1:M 09 Sep 2026 05:48:10.057 * 10 changes in 300 seconds. Saving...
1:M 09 Sep 2026 05:48:10.059 * Background saving started by pid 20237
20237:C 09 Sep 2026 05:48:10.069 * DB saved on disk
20237:C 09 Sep 2026 05:48:10.070 * RDB: 1 MB of memory used by copy-on-write
1:M 09 Sep 2026 05:48:10.168 * Background saving terminated with success
1:M 09 Sep 2026 05:53:11.049 * 10 changes in 300 seconds. Saving...
1:M 09 Sep 2026 05:53:11.051 * Background saving started by pid 20417
20417:C 09 Sep 2026 05:53:11.062 * DB saved on disk
20417:C 09 Sep 2026 05:53:11.063 * RDB: 1 MB of memory used by copy-on-write
1:M 09 Sep 2026 05:53:11.156 * Background saving terminated with success
1:M 09 Sep 2026 05:58:12.075 * 10 changes in 300 seconds. Saving...
1:M 09 Sep 2026 05:58:12.078 * Background saving started by pid 20598
20598:C 09 Sep 2026 05:58:12.088 * DB saved on disk
20598:C 09 Sep 2026 05:58:12.090 * RDB: 1 MB of memory used by copy-on-write
1:M 09 Sep 2026 05:58:12.190 * Background saving terminated with success
1:M 09 Sep 2026 06:03:13.103 * 10 changes in 300 seconds. Saving...
1:M 09 Sep 2026 06:03:13.107 * Background saving started by pid 20779
20779:C 09 Sep 2026 06:03:13.119 * DB saved on disk
20779:C 09 Sep 2026 06:03:13.120 * RDB: 1 MB of memory used by copy-on-write
1:M 09 Sep 2026 06:03:13.219 * Background saving terminated with success
1:M 09 Sep 2026 06:08:14.108 * 10 changes in 300 seconds. Saving...
1:M 09 Sep 2026 06:08:14.110 * Background saving started by pid 20959
20959:C 09 Sep 2026 06:08:14.121 * DB saved on disk
20959:C 09 Sep 2026 06:08:14.123 * RDB: 1 MB of memory used by copy-on-write
1:M 09 Sep 2026 06:08:14.223 * Background saving terminated with success
1:M 09 Sep 2026 06:13:15.095 * 10 changes in 300 seconds. Saving...
1:M 09 Sep 2026 06:13:15.099 * Background saving started by pid 21140
21140:C 09 Sep 2026 06:13:15.108 * DB saved on disk
21140:C 09 Sep 2026 06:13:15.109 * RDB: 1 MB of memory used by copy-on-write
1:M 09 Sep 2026 06:13:15.211 * Background saving terminated with success
1:M 09 Sep 2026 06:18:16.081 * 10 changes in 300 seconds. Saving...
1:M 09 Sep 2026 06:18:16.085 * Background saving started by pid 21321
21321:C 09 Sep 2026 06:18:16.096 * DB saved on disk
21321:C 09 Sep 2026 06:18:16.098 * RDB: 1 MB of memory used by copy-on-write
1:M 09 Sep 2026 06:18:16.191 * Background saving terminated with success
1:M 09 Sep 2026 06:23:17.040 * 10 changes in 300 seconds. Saving...
1:M 09 Sep 2026 06:23:17.042 * Background saving started by pid 21502
21502:C 09 Sep 2026 06:23:17.048 * DB saved on disk
21502:C 09 Sep 2026 06:23:17.049 * RDB: 1 MB of memory used by copy-on-write
1:M 09 Sep 2026 06:23:17.153 * Background saving terminated with success
1:M 09 Sep 2026 06:28:18.009 * 10 changes in 300 seconds. Saving...
1:M 09 Sep 2026 06:28:18.012 * Background saving started by pid 21683
21683:C 09 Sep 2026 06:28:18.023 * DB saved on disk
21683:C 09 Sep 2026 06:28:18.025 * RDB: 1 MB of memory used by copy-on-write
1:M 09 Sep 2026 06:28:18.119 * Background saving terminated with success
1:M 09 Sep 2026 06:33:19.008 * 10 changes in 300 seconds. Saving...
1:M 09 Sep 2026 06:33:19.012 * Background saving started by pid 21858
21858:C 09 Sep 2026 06:33:19.023 * DB saved on disk
21858:C 09 Sep 2026 06:33:19.024 * RDB: 1 MB of memory used by copy-on-write
1:M 09 Sep 2026 06:33:19.124 * Background saving terminated with success
1:M 09 Sep 2026 06:38:20.004 * 10 changes in 300 seconds. Saving...
1:M 09 Sep 2026 06:38:20.007 * Background saving started by pid 22039
22039:C 09 Sep 2026 06:38:20.019 * DB saved on disk
22039:C 09 Sep 2026 06:38:20.021 * RDB: 1 MB of memory used by copy-on-write
1:M 09 Sep 2026 06:38:20.118 * Background saving terminated with success
1:M 09 Sep 2026 06:43:21.029 * 10 changes in 300 seconds. Saving...
1:M 09 Sep 2026 06:43:21.033 * Background saving started by pid 22220
22220:C 09 Sep 2026 06:43:21.045 * DB saved on disk
22220:C 09 Sep 2026 06:43:21.047 * RDB: 1 MB of memory used by copy-on-write
1:M 09 Sep 2026 06:43:21.146 * Background saving terminated with success
1:M 09 Sep 2026 06:48:22.105 * 10 changes in 300 seconds. Saving...
1:M 09 Sep 2026 06:48:22.109 * Background saving started by pid 22401
22401:C 09 Sep 2026 06:48:22.119 * DB saved on disk
22401:C 09 Sep 2026 06:48:22.120 * RDB: 1 MB of memory used by copy-on-write
1:M 09 Sep 2026 06:48:22.213 * Background saving terminated with success
1:M 09 Sep 2026 06:53:23.032 * 10 changes in 300 seconds. Saving...
1:M 09 Sep 2026 06:53:23.036 * Background saving started by pid 22583
22583:C 09 Sep 2026 06:53:23.052 * DB saved on disk
22583:C 09 Sep 2026 06:53:23.053 * RDB: 1 MB of memory used by copy-on-write
1:M 09 Sep 2026 06:53:23.143 * Background saving terminated with success
1:M 09 Sep 2026 06:58:24.077 * 10 changes in 300 seconds. Saving...
1:M 09 Sep 2026 06:58:24.080 * Background saving started by pid 22764
22764:C 09 Sep 2026 06:58:24.094 * DB saved on disk
22764:C 09 Sep 2026 06:58:24.096 * RDB: 1 MB of memory used by copy-on-write
1:M 09 Sep 2026 06:58:24.187 * Background saving terminated with success
1:M 09 Sep 2026 07:03:25.062 * 10 changes in 300 seconds. Saving...
1:M 09 Sep 2026 07:03:25.066 * Background saving started by pid 22944
22944:C 09 Sep 2026 07:03:25.082 * DB saved on disk
22944:C 09 Sep 2026 07:03:25.084 * RDB: 1 MB of memory used by copy-on-write
1:M 09 Sep 2026 07:03:25.168 * Background saving terminated with success
1:M 09 Sep 2026 07:08:26.099 * 10 changes in 300 seconds. Saving...
1:M 09 Sep 2026 07:08:26.103 * Background saving started by pid 23125
23125:C 09 Sep 2026 07:08:26.116 * DB saved on disk
23125:C 09 Sep 2026 07:08:26.118 * RDB: 1 MB of memory used by copy-on-write
1:M 09 Sep 2026 07:08:26.205 * Background saving terminated with success
1:M 09 Sep 2026 07:13:27.032 * 10 changes in 300 seconds. Saving...
1:M 09 Sep 2026 07:13:27.036 * Background saving started by pid 23307
23307:C 09 Sep 2026 07:13:27.048 * DB saved on disk
23307:C 09 Sep 2026 07:13:27.050 * RDB: 1 MB of memory used by copy-on-write
1:M 09 Sep 2026 07:13:27.148 * Background saving terminated with success
1:M 09 Sep 2026 07:18:28.080 * 10 changes in 300 seconds. Saving...
1:M 09 Sep 2026 07:18:28.084 * Background saving started by pid 23488
23488:C 09 Sep 2026 07:18:28.096 * DB saved on disk
23488:C 09 Sep 2026 07:18:28.098 * RDB: 1 MB of memory used by copy-on-write
1:M 09 Sep 2026 07:18:28.189 * Background saving terminated with success
1:M 09 Sep 2026 07:23:29.017 * 10 changes in 300 seconds. Saving...
1:M 09 Sep 2026 07:23:29.020 * Background saving started by pid 23669
23669:C 09 Sep 2026 07:23:29.031 * DB saved on disk
23669:C 09 Sep 2026 07:23:29.032 * RDB: 1 MB of memory used by copy-on-write
1:M 09 Sep 2026 07:23:29.131 * Background saving terminated with success
1:M 09 Sep 2026 07:28:30.099 * 10 changes in 300 seconds. Saving...
1:M 09 Sep 2026 07:28:30.102 * Background saving started by pid 23849
23849:C 09 Sep 2026 07:28:30.114 * DB saved on disk
23849:C 09 Sep 2026 07:28:30.116 * RDB: 1 MB of memory used by copy-on-write
1:M 09 Sep 2026 07:28:30.205 * Background saving terminated with success
1:M 09 Sep 2026 07:33:31.026 * 10 changes in 300 seconds. Saving...
1:M 09 Sep 2026 07:33:31.029 * Background saving started by pid 24024
24024:C 09 Sep 2026 07:33:31.041 * DB saved on disk
24024:C 09 Sep 2026 07:33:31.043 * RDB: 1 MB of memory used by copy-on-write
1:M 09 Sep 2026 07:33:31.136 * Background saving terminated with success
1:M 09 Sep 2026 07:38:32.042 * 10 changes in 300 seconds. Saving...
1:M 09 Sep 2026 07:38:32.046 * Background saving started by pid 24205
24205:C 09 Sep 2026 07:38:32.059 * DB saved on disk
24205:C 09 Sep 2026 07:38:32.061 * RDB: 1 MB of memory used by copy-on-write
1:M 09 Sep 2026 07:38:32.157 * Background saving terminated with success
1:M 09 Sep 2026 07:43:33.098 * 10 changes in 300 seconds. Saving...
1:M 09 Sep 2026 07:43:33.101 * Background saving started by pid 24386
24386:C 09 Sep 2026 07:43:33.113 * DB saved on disk
24386:C 09 Sep 2026 07:43:33.115 * RDB: 1 MB of memory used by copy-on-write
1:M 09 Sep 2026 07:43:33.213 * Background saving terminated with success
1:M 09 Sep 2026 07:48:34.110 * 10 changes in 300 seconds. Saving...
1:M 09 Sep 2026 07:48:34.114 * Background saving started by pid 24567
24567:C 09 Sep 2026 07:48:34.131 * DB saved on disk
24567:C 09 Sep 2026 07:48:34.132 * RDB: 1 MB of memory used by copy-on-write
1:M 09 Sep 2026 07:48:34.219 * Background saving terminated with success
1:M 09 Sep 2026 07:53:35.071 * 10 changes in 300 seconds. Saving...
1:M 09 Sep 2026 07:53:35.073 * Background saving started by pid 24747
24747:C 09 Sep 2026 07:53:35.085 * DB saved on disk
24747:C 09 Sep 2026 07:53:35.086 * RDB: 1 MB of memory used by copy-on-write
1:M 09 Sep 2026 07:53:35.177 * Background saving terminated with success
1:M 09 Sep 2026 07:58:36.015 * 10 changes in 300 seconds. Saving...
1:M 09 Sep 2026 07:58:36.018 * Background saving started by pid 24928
24928:C 09 Sep 2026 07:58:36.031 * DB saved on disk
24928:C 09 Sep 2026 07:58:36.033 * RDB: 1 MB of memory used by copy-on-write
1:M 09 Sep 2026 07:58:36.131 * Background saving terminated with success
1:M 09 Sep 2026 08:03:37.029 * 10 changes in 300 seconds. Saving...
1:M 09 Sep 2026 08:03:37.033 * Background saving started by pid 25109
25109:C 09 Sep 2026 08:03:37.045 * DB saved on disk
25109:C 09 Sep 2026 08:03:37.046 * RDB: 1 MB of memory used by copy-on-write
1:M 09 Sep 2026 08:03:37.145 * Background saving terminated with success
1:M 09 Sep 2026 08:08:38.051 * 10 changes in 300 seconds. Saving...
1:M 09 Sep 2026 08:08:38.053 * Background saving started by pid 25291
25291:C 09 Sep 2026 08:08:38.060 * DB saved on disk
25291:C 09 Sep 2026 08:08:38.060 * RDB: 1 MB of memory used by copy-on-write
1:M 09 Sep 2026 08:08:38.157 * Background saving terminated with success
1:M 09 Sep 2026 08:13:39.044 * 10 changes in 300 seconds. Saving...
1:M 09 Sep 2026 08:13:39.047 * Background saving started by pid 25471
25471:C 09 Sep 2026 08:13:39.063 * DB saved on disk
25471:C 09 Sep 2026 08:13:39.064 * RDB: 1 MB of memory used by copy-on-write
1:M 09 Sep 2026 08:13:39.155 * Background saving terminated with success
1:M 09 Sep 2026 08:18:40.042 * 10 changes in 300 seconds. Saving...
1:M 09 Sep 2026 08:18:40.045 * Background saving started by pid 25653
25653:C 09 Sep 2026 08:18:40.057 * DB saved on disk
25653:C 09 Sep 2026 08:18:40.058 * RDB: 1 MB of memory used by copy-on-write
1:M 09 Sep 2026 08:18:40.157 * Background saving terminated with success
1:M 09 Sep 2026 08:23:41.074 * 10 changes in 300 seconds. Saving...
1:M 09 Sep 2026 08:23:41.077 * Background saving started by pid 25834
25834:C 09 Sep 2026 08:23:41.090 * DB saved on disk
25834:C 09 Sep 2026 08:23:41.092 * RDB: 1 MB of memory used by copy-on-write
1:M 09 Sep 2026 08:23:41.182 * Background saving terminated with success
1:M 09 Sep 2026 08:28:42.045 * 10 changes in 300 seconds. Saving...
1:M 09 Sep 2026 08:28:42.049 * Background saving started by pid 26009
26009:C 09 Sep 2026 08:28:42.065 * DB saved on disk
26009:C 09 Sep 2026 08:28:42.066 * RDB: 1 MB of memory used by copy-on-write
1:M 09 Sep 2026 08:28:42.150 * Background saving terminated with success
1:M 09 Sep 2026 08:33:43.060 * 10 changes in 300 seconds. Saving...
1:M 09 Sep 2026 08:33:43.064 * Background saving started by pid 26190
26190:C 09 Sep 2026 08:33:43.075 * DB saved on disk
26190:C 09 Sep 2026 08:33:43.077 * RDB: 1 MB of memory used by copy-on-write
1:M 09 Sep 2026 08:33:43.172 * Background saving terminated with success
1:M 09 Sep 2026 08:38:44.092 * 10 changes in 300 seconds. Saving...
1:M 09 Sep 2026 08:38:44.095 * Background saving started by pid 26370
26370:C 09 Sep 2026 08:38:44.107 * DB saved on disk
26370:C 09 Sep 2026 08:38:44.109 * RDB: 1 MB of memory used by copy-on-write
1:M 09 Sep 2026 08:38:44.198 * Background saving terminated with success
1:M 09 Sep 2026 08:43:45.092 * 10 changes in 300 seconds. Saving...
1:M 09 Sep 2026 08:43:45.095 * Background saving started by pid 26551
26551:C 09 Sep 2026 08:43:45.109 * DB saved on disk
26551:C 09 Sep 2026 08:43:45.111 * RDB: 1 MB of memory used by copy-on-write
1:M 09 Sep 2026 08:43:45.199 * Background saving terminated with success
1:M 09 Sep 2026 08:48:46.038 * 10 changes in 300 seconds. Saving...
1:M 09 Sep 2026 08:48:46.041 * Background saving started by pid 26732
26732:C 09 Sep 2026 08:48:46.057 * DB saved on disk
26732:C 09 Sep 2026 08:48:46.058 * RDB: 1 MB of memory used by copy-on-write
1:M 09 Sep 2026 08:48:46.143 * Background saving terminated with success
1:M 09 Sep 2026 08:53:47.022 * 10 changes in 300 seconds. Saving...
1:M 09 Sep 2026 08:53:47.024 * Background saving started by pid 26913
26913:C 09 Sep 2026 08:53:47.038 * DB saved on disk
26913:C 09 Sep 2026 08:53:47.040 * RDB: 1 MB of memory used by copy-on-write
1:M 09 Sep 2026 08:53:47.130 * Background saving terminated with success
1:M 09 Sep 2026 08:58:48.017 * 10 changes in 300 seconds. Saving...
1:M 09 Sep 2026 08:58:48.019 * Background saving started by pid 27094
27094:C 09 Sep 2026 08:58:48.032 * DB saved on disk
27094:C 09 Sep 2026 08:58:48.033 * RDB: 1 MB of memory used by copy-on-write
1:M 09 Sep 2026 08:58:48.126 * Background saving terminated with success
1:M 09 Sep 2026 09:03:49.004 * 10 changes in 300 seconds. Saving...
1:M 09 Sep 2026 09:03:49.008 * Background saving started by pid 27275
27275:C 09 Sep 2026 09:03:49.025 * DB saved on disk
27275:C 09 Sep 2026 09:03:49.026 * RDB: 1 MB of memory used by copy-on-write
1:M 09 Sep 2026 09:03:49.115 * Background saving terminated with success
1:M 09 Sep 2026 09:08:50.069 * 10 changes in 300 seconds. Saving...
1:M 09 Sep 2026 09:08:50.073 * Background saving started by pid 27454
27454:C 09 Sep 2026 09:08:50.087 * DB saved on disk
27454:C 09 Sep 2026 09:08:50.088 * RDB: 1 MB of memory used by copy-on-write
1:M 09 Sep 2026 09:08:50.177 * Background saving terminated with success
1:M 09 Sep 2026 09:13:51.090 * 10 changes in 300 seconds. Saving...
1:M 09 Sep 2026 09:13:51.092 * Background saving started by pid 27636
27636:C 09 Sep 2026 09:13:51.105 * DB saved on disk
27636:C 09 Sep 2026 09:13:51.106 * RDB: 1 MB of memory used by copy-on-write
1:M 09 Sep 2026 09:13:51.196 * Background saving terminated with success
1:M 09 Sep 2026 09:18:52.032 * 10 changes in 300 seconds. Saving...
1:M 09 Sep 2026 09:18:52.035 * Background saving started by pid 27812
27812:C 09 Sep 2026 09:18:52.052 * DB saved on disk
27812:C 09 Sep 2026 09:18:52.054 * RDB: 1 MB of memory used by copy-on-write
1:M 09 Sep 2026 09:18:52.139 * Background saving terminated with success
1:M 09 Sep 2026 09:23:53.039 * 10 changes in 300 seconds. Saving...
1:M 09 Sep 2026 09:23:53.044 * Background saving started by pid 27992
27992:C 09 Sep 2026 09:23:53.056 * DB saved on disk
27992:C 09 Sep 2026 09:23:53.057 * RDB: 1 MB of memory used by copy-on-write
1:M 09 Sep 2026 09:23:53.147 * Background saving terminated with success
1:M 09 Sep 2026 09:28:54.058 * 10 changes in 300 seconds. Saving...
1:M 09 Sep 2026 09:28:54.062 * Background saving started by pid 28173
28173:C 09 Sep 2026 09:28:54.075 * DB saved on disk
28173:C 09 Sep 2026 09:28:54.076 * RDB: 1 MB of memory used by copy-on-write
1:M 09 Sep 2026 09:28:54.166 * Background saving terminated with success
1:M 09 Sep 2026 09:33:55.023 * 10 changes in 300 seconds. Saving...
1:M 09 Sep 2026 09:33:55.025 * Background saving started by pid 28355
28355:C 09 Sep 2026 09:33:55.037 * DB saved on disk
28355:C 09 Sep 2026 09:33:55.038 * RDB: 1 MB of memory used by copy-on-write
1:M 09 Sep 2026 09:33:55.132 * Background saving terminated with success
1:M 09 Sep 2026 09:38:56.018 * 10 changes in 300 seconds. Saving...
1:M 09 Sep 2026 09:38:56.021 * Background saving started by pid 28535
28535:C 09 Sep 2026 09:38:56.033 * DB saved on disk
28535:C 09 Sep 2026 09:38:56.034 * RDB: 1 MB of memory used by copy-on-write
1:M 09 Sep 2026 09:38:56.127 * Background saving terminated with success
1:M 09 Sep 2026 09:43:57.024 * 10 changes in 300 seconds. Saving...
1:M 09 Sep 2026 09:43:57.025 * Background saving started by pid 28715
28715:C 09 Sep 2026 09:43:57.031 * DB saved on disk
28715:C 09 Sep 2026 09:43:57.032 * RDB: 1 MB of memory used by copy-on-write
1:M 09 Sep 2026 09:43:57.127 * Background saving terminated with success
1:M 09 Sep 2026 09:48:58.013 * 10 changes in 300 seconds. Saving...
1:M 09 Sep 2026 09:48:58.016 * Background saving started by pid 28897
28897:C 09 Sep 2026 09:48:58.029 * DB saved on disk
28897:C 09 Sep 2026 09:48:58.031 * RDB: 1 MB of memory used by copy-on-write
1:M 09 Sep 2026 09:48:58.121 * Background saving terminated with success
1:M 09 Sep 2026 09:53:59.030 * 10 changes in 300 seconds. Saving...
1:M 09 Sep 2026 09:53:59.033 * Background saving started by pid 29082
29082:C 09 Sep 2026 09:53:59.048 * DB saved on disk
29082:C 09 Sep 2026 09:53:59.049 * RDB: 1 MB of memory used by copy-on-write
1:M 09 Sep 2026 09:53:59.138 * Background saving terminated with success
1:M 09 Sep 2026 09:59:00.009 * 10 changes in 300 seconds. Saving...
1:M 09 Sep 2026 09:59:00.017 * Background saving started by pid 29262
29262:C 09 Sep 2026 09:59:00.035 * DB saved on disk
29262:C 09 Sep 2026 09:59:00.035 * RDB: 1 MB of memory used by copy-on-write
1:M 09 Sep 2026 09:59:00.124 * Background saving terminated with success
1:M 09 Sep 2026 10:04:01.019 * 10 changes in 300 seconds. Saving...
1:M 09 Sep 2026 10:04:01.024 * Background saving started by pid 29437
29437:C 09 Sep 2026 10:04:01.042 * DB saved on disk
29437:C 09 Sep 2026 10:04:01.043 * RDB: 1 MB of memory used by copy-on-write
1:M 09 Sep 2026 10:04:01.131 * Background saving terminated with success
1:M 09 Sep 2026 10:09:02.029 * 10 changes in 300 seconds. Saving...
1:M 09 Sep 2026 10:09:02.031 * Background saving started by pid 29618
29618:C 09 Sep 2026 10:09:02.037 * DB saved on disk
29618:C 09 Sep 2026 10:09:02.038 * RDB: 1 MB of memory used by copy-on-write
1:M 09 Sep 2026 10:09:02.136 * Background saving terminated with success
1:M 09 Sep 2026 10:14:03.077 * 10 changes in 300 seconds. Saving...
1:M 09 Sep 2026 10:14:03.081 * Background saving started by pid 29798
29798:C 09 Sep 2026 10:14:03.096 * DB saved on disk
29798:C 09 Sep 2026 10:14:03.097 * RDB: 1 MB of memory used by copy-on-write
1:M 09 Sep 2026 10:14:03.184 * Background saving terminated with success
1:M 09 Sep 2026 10:19:04.046 * 10 changes in 300 seconds. Saving...
1:M 09 Sep 2026 10:19:04.049 * Background saving started by pid 29978
29978:C 09 Sep 2026 10:19:04.062 * DB saved on disk
29978:C 09 Sep 2026 10:19:04.063 * RDB: 1 MB of memory used by copy-on-write
1:M 09 Sep 2026 10:19:04.152 * Background saving terminated with success
1:M 09 Sep 2026 10:24:05.006 * 10 changes in 300 seconds. Saving...
1:M 09 Sep 2026 10:24:05.008 * Background saving started by pid 30160
30160:C 09 Sep 2026 10:24:05.018 * DB saved on disk
30160:C 09 Sep 2026 10:24:05.019 * RDB: 1 MB of memory used by copy-on-write
1:M 09 Sep 2026 10:24:05.110 * Background saving terminated with success
1:M 09 Sep 2026 10:29:06.014 * 10 changes in 300 seconds. Saving...
1:M 09 Sep 2026 10:29:06.018 * Background saving started by pid 30343
30343:C 09 Sep 2026 10:29:06.033 * DB saved on disk
30343:C 09 Sep 2026 10:29:06.034 * RDB: 1 MB of memory used by copy-on-write
1:M 09 Sep 2026 10:29:06.123 * Background saving terminated with success
1:M 09 Sep 2026 10:34:07.101 * 10 changes in 300 seconds. Saving...
1:M 09 Sep 2026 10:34:07.106 * Background saving started by pid 30523
30523:C 09 Sep 2026 10:34:07.120 * DB saved on disk
30523:C 09 Sep 2026 10:34:07.122 * RDB: 1 MB of memory used by copy-on-write
1:M 09 Sep 2026 10:34:07.209 * Background saving terminated with success
1:M 09 Sep 2026 10:39:08.061 * 10 changes in 300 seconds. Saving...
1:M 09 Sep 2026 10:39:08.063 * Background saving started by pid 30702
30702:C 09 Sep 2026 10:39:08.076 * DB saved on disk
30702:C 09 Sep 2026 10:39:08.077 * RDB: 1 MB of memory used by copy-on-write
1:M 09 Sep 2026 10:39:08.166 * Background saving terminated with success
1:M 09 Sep 2026 10:44:09.021 * 10 changes in 300 seconds. Saving...
1:M 09 Sep 2026 10:44:09.028 * Background saving started by pid 30880
30880:C 09 Sep 2026 10:44:09.049 * DB saved on disk
30880:C 09 Sep 2026 10:44:09.049 * RDB: 1 MB of memory used by copy-on-write
1:M 09 Sep 2026 10:44:09.129 * Background saving terminated with success
1:M 09 Sep 2026 10:49:10.080 * 10 changes in 300 seconds. Saving...
1:M 09 Sep 2026 10:49:10.084 * Background saving started by pid 31055
31055:C 09 Sep 2026 10:49:10.098 * DB saved on disk
31055:C 09 Sep 2026 10:49:10.100 * RDB: 1 MB of memory used by copy-on-write
1:M 09 Sep 2026 10:49:10.191 * Background saving terminated with success
1:M 09 Sep 2026 10:54:11.024 * 10 changes in 300 seconds. Saving...
1:M 09 Sep 2026 10:54:11.029 * Background saving started by pid 31238
31238:C 09 Sep 2026 10:54:11.048 * DB saved on disk
31238:C 09 Sep 2026 10:54:11.052 * RDB: 1 MB of memory used by copy-on-write
1:M 09 Sep 2026 10:54:11.135 * Background saving terminated with success
1:M 09 Sep 2026 10:59:12.101 * 10 changes in 300 seconds. Saving...
1:M 09 Sep 2026 10:59:12.105 * Background saving started by pid 31419
31419:C 09 Sep 2026 10:59:12.117 * DB saved on disk
31419:C 09 Sep 2026 10:59:12.119 * RDB: 1 MB of memory used by copy-on-write
1:M 09 Sep 2026 10:59:12.208 * Background saving terminated with success
1:M 09 Sep 2026 11:04:13.043 * 10 changes in 300 seconds. Saving...
1:M 09 Sep 2026 11:04:13.045 * Background saving started by pid 31599
31599:C 09 Sep 2026 11:04:13.058 * DB saved on disk
31599:C 09 Sep 2026 11:04:13.060 * RDB: 1 MB of memory used by copy-on-write
1:M 09 Sep 2026 11:04:13.147 * Background saving terminated with success
1:M 09 Sep 2026 11:09:14.090 * 10 changes in 300 seconds. Saving...
1:M 09 Sep 2026 11:09:14.094 * Background saving started by pid 31780
31780:C 09 Sep 2026 11:09:14.107 * DB saved on disk
31780:C 09 Sep 2026 11:09:14.109 * RDB: 1 MB of memory used by copy-on-write
1:M 09 Sep 2026 11:09:14.198 * Background saving terminated with success
1:M 09 Sep 2026 11:14:15.092 * 10 changes in 300 seconds. Saving...
1:M 09 Sep 2026 11:14:15.095 * Background saving started by pid 31961
31961:C 09 Sep 2026 11:14:15.108 * DB saved on disk
31961:C 09 Sep 2026 11:14:15.110 * RDB: 1 MB of memory used by copy-on-write
1:M 09 Sep 2026 11:14:15.202 * Background saving terminated with success
1:M 09 Sep 2026 11:19:16.084 * 10 changes in 300 seconds. Saving...
1:M 09 Sep 2026 11:19:16.087 * Background saving started by pid 32142
32142:C 09 Sep 2026 11:19:16.101 * DB saved on disk
32142:C 09 Sep 2026 11:19:16.102 * RDB: 1 MB of memory used by copy-on-write
1:M 09 Sep 2026 11:19:16.191 * Background saving terminated with success
1:M 09 Sep 2026 11:24:17.065 * 10 changes in 300 seconds. Saving...
1:M 09 Sep 2026 11:24:17.068 * Background saving started by pid 32323
32323:C 09 Sep 2026 11:24:17.082 * DB saved on disk
32323:C 09 Sep 2026 11:24:17.084 * RDB: 1 MB of memory used by copy-on-write
1:M 09 Sep 2026 11:24:17.169 * Background saving terminated with success
1:M 09 Sep 2026 11:29:18.005 * 10 changes in 300 seconds. Saving...
1:M 09 Sep 2026 11:29:18.008 * Background saving started by pid 32497
32497:C 09 Sep 2026 11:29:18.020 * DB saved on disk
32497:C 09 Sep 2026 11:29:18.021 * RDB: 1 MB of memory used by copy-on-write
1:M 09 Sep 2026 11:29:18.114 * Background saving terminated with success
1:M 09 Sep 2026 11:34:19.001 * 10 changes in 300 seconds. Saving...
1:M 09 Sep 2026 11:34:19.004 * Background saving started by pid 32679
32679:C 09 Sep 2026 11:34:19.019 * DB saved on disk
32679:C 09 Sep 2026 11:34:19.020 * RDB: 1 MB of memory used by copy-on-write
1:M 09 Sep 2026 11:34:19.107 * Background saving terminated with success
1:M 09 Sep 2026 11:39:20.078 * 10 changes in 300 seconds. Saving...
1:M 09 Sep 2026 11:39:20.081 * Background saving started by pid 32860
32860:C 09 Sep 2026 11:39:20.097 * DB saved on disk
32860:C 09 Sep 2026 11:39:20.099 * RDB: 1 MB of memory used by copy-on-write
1:M 09 Sep 2026 11:39:20.184 * Background saving terminated with success
1:M 09 Sep 2026 11:44:21.030 * 10 changes in 300 seconds. Saving...
1:M 09 Sep 2026 11:44:21.033 * Background saving started by pid 33054
33054:C 09 Sep 2026 11:44:21.049 * DB saved on disk
33054:C 09 Sep 2026 11:44:21.050 * RDB: 1 MB of memory used by copy-on-write
1:M 09 Sep 2026 11:44:21.140 * Background saving terminated with success
1:M 09 Sep 2026 11:49:22.061 * 10 changes in 300 seconds. Saving...
1:M 09 Sep 2026 11:49:22.065 * Background saving started by pid 33237
33237:C 09 Sep 2026 11:49:22.078 * DB saved on disk
33237:C 09 Sep 2026 11:49:22.079 * RDB: 1 MB of memory used by copy-on-write
1:M 09 Sep 2026 11:49:22.171 * Background saving terminated with success
1:M 09 Sep 2026 11:54:23.015 * 10 changes in 300 seconds. Saving...
1:M 09 Sep 2026 11:54:23.018 * Background saving started by pid 33419
33419:C 09 Sep 2026 11:54:23.032 * DB saved on disk
33419:C 09 Sep 2026 11:54:23.033 * RDB: 1 MB of memory used by copy-on-write
1:M 09 Sep 2026 11:54:23.122 * Background saving terminated with success
1:M 09 Sep 2026 11:59:24.022 * 10 changes in 300 seconds. Saving...
1:M 09 Sep 2026 11:59:24.028 * Background saving started by pid 33601
33601:C 09 Sep 2026 11:59:24.045 * DB saved on disk
33601:C 09 Sep 2026 11:59:24.046 * RDB: 1 MB of memory used by copy-on-write
1:M 09 Sep 2026 11:59:24.135 * Background saving terminated with success
1:M 09 Sep 2026 12:04:25.022 * 10 changes in 300 seconds. Saving...
1:M 09 Sep 2026 12:04:25.026 * Background saving started by pid 33782
33782:C 09 Sep 2026 12:04:25.041 * DB saved on disk
33782:C 09 Sep 2026 12:04:25.042 * RDB: 1 MB of memory used by copy-on-write
1:M 09 Sep 2026 12:04:25.133 * Background saving terminated with success
1:M 09 Sep 2026 12:09:26.099 * 10 changes in 300 seconds. Saving...
1:M 09 Sep 2026 12:09:26.103 * Background saving started by pid 33964
33964:C 09 Sep 2026 12:09:26.118 * DB saved on disk
33964:C 09 Sep 2026 12:09:26.120 * RDB: 1 MB of memory used by copy-on-write
1:M 09 Sep 2026 12:09:26.209 * Background saving terminated with success
1:M 09 Sep 2026 12:14:27.078 * 10 changes in 300 seconds. Saving...
1:M 09 Sep 2026 12:14:27.081 * Background saving started by pid 34142
34142:C 09 Sep 2026 12:14:27.096 * DB saved on disk
34142:C 09 Sep 2026 12:14:27.097 * RDB: 1 MB of memory used by copy-on-write
1:M 09 Sep 2026 12:14:27.186 * Background saving terminated with success
1:M 09 Sep 2026 12:19:28.003 * 10 changes in 300 seconds. Saving...
1:M 09 Sep 2026 12:19:28.007 * Background saving started by pid 34315
34315:C 09 Sep 2026 12:19:28.022 * DB saved on disk
34315:C 09 Sep 2026 12:19:28.023 * RDB: 1 MB of memory used by copy-on-write
1:M 09 Sep 2026 12:19:28.112 * Background saving terminated with success
1:M 09 Sep 2026 12:24:29.093 * 10 changes in 300 seconds. Saving...
1:M 09 Sep 2026 12:24:29.097 * Background saving started by pid 34496
34496:C 09 Sep 2026 12:24:29.113 * DB saved on disk
34496:C 09 Sep 2026 12:24:29.114 * RDB: 1 MB of memory used by copy-on-write
1:M 09 Sep 2026 12:24:29.209 * Background saving terminated with success
1:M 09 Sep 2026 12:29:30.061 * 10 changes in 300 seconds. Saving...
1:M 09 Sep 2026 12:29:30.065 * Background saving started by pid 34677
34677:C 09 Sep 2026 12:29:30.082 * DB saved on disk
34677:C 09 Sep 2026 12:29:30.083 * RDB: 1 MB of memory used by copy-on-write
1:M 09 Sep 2026 12:29:30.167 * Background saving terminated with success
1:M 09 Sep 2026 12:34:31.065 * 10 changes in 300 seconds. Saving...
1:M 09 Sep 2026 12:34:31.069 * Background saving started by pid 34858
34858:C 09 Sep 2026 12:34:31.085 * DB saved on disk
34858:C 09 Sep 2026 12:34:31.087 * RDB: 1 MB of memory used by copy-on-write
1:M 09 Sep 2026 12:34:31.178 * Background saving terminated with success
1:M 09 Sep 2026 12:39:32.082 * 10 changes in 300 seconds. Saving...
1:M 09 Sep 2026 12:39:32.087 * Background saving started by pid 35039
35039:C 09 Sep 2026 12:39:32.104 * DB saved on disk
35039:C 09 Sep 2026 12:39:32.105 * RDB: 1 MB of memory used by copy-on-write
1:M 09 Sep 2026 12:39:32.193 * Background saving terminated with success
1:M 09 Sep 2026 12:44:33.018 * 10 changes in 300 seconds. Saving...
1:M 09 Sep 2026 12:44:33.022 * Background saving started by pid 35221
35221:C 09 Sep 2026 12:44:33.038 * DB saved on disk
35221:C 09 Sep 2026 12:44:33.039 * RDB: 1 MB of memory used by copy-on-write
1:M 09 Sep 2026 12:44:33.124 * Background saving terminated with success
1:M 09 Sep 2026 12:49:34.098 * 10 changes in 300 seconds. Saving...
1:M 09 Sep 2026 12:49:34.105 * Background saving started by pid 35401
35401:C 09 Sep 2026 12:49:34.123 * DB saved on disk
35401:C 09 Sep 2026 12:49:34.124 * RDB: 1 MB of memory used by copy-on-write
1:M 09 Sep 2026 12:49:34.212 * Background saving terminated with success
1:M 09 Sep 2026 12:54:35.013 * 10 changes in 300 seconds. Saving...
1:M 09 Sep 2026 12:54:35.017 * Background saving started by pid 35582
35582:C 09 Sep 2026 12:54:35.034 * DB saved on disk
35582:C 09 Sep 2026 12:54:35.035 * RDB: 1 MB of memory used by copy-on-write
1:M 09 Sep 2026 12:54:35.121 * Background saving terminated with success
1:M 09 Sep 2026 12:59:36.074 * 10 changes in 300 seconds. Saving...
1:M 09 Sep 2026 12:59:36.076 * Background saving started by pid 35763
35763:C 09 Sep 2026 12:59:36.095 * DB saved on disk
35763:C 09 Sep 2026 12:59:36.096 * RDB: 1 MB of memory used by copy-on-write
1:M 09 Sep 2026 12:59:36.179 * Background saving terminated with success
1:M 09 Sep 2026 13:04:37.054 * 10 changes in 300 seconds. Saving...
1:M 09 Sep 2026 13:04:37.057 * Background saving started by pid 35945
35945:C 09 Sep 2026 13:04:37.074 * DB saved on disk
35945:C 09 Sep 2026 13:04:37.075 * RDB: 1 MB of memory used by copy-on-write
1:M 09 Sep 2026 13:04:37.165 * Background saving terminated with success
1:M 09 Sep 2026 13:09:38.019 * 10 changes in 300 seconds. Saving...
1:M 09 Sep 2026 13:09:38.021 * Background saving started by pid 36124
36124:C 09 Sep 2026 13:09:38.029 * DB saved on disk
36124:C 09 Sep 2026 13:09:38.029 * RDB: 1 MB of memory used by copy-on-write
1:M 09 Sep 2026 13:09:38.127 * Background saving terminated with success
1:M 09 Sep 2026 13:14:39.012 * 10 changes in 300 seconds. Saving...
1:M 09 Sep 2026 13:14:39.016 * Background saving started by pid 36299
36299:C 09 Sep 2026 13:14:39.032 * DB saved on disk
36299:C 09 Sep 2026 13:14:39.034 * RDB: 1 MB of memory used by copy-on-write
1:M 09 Sep 2026 13:14:39.123 * Background saving terminated with success
1:M 09 Sep 2026 13:19:40.022 * 10 changes in 300 seconds. Saving...
1:M 09 Sep 2026 13:19:40.028 * Background saving started by pid 36478
36478:C 09 Sep 2026 13:19:40.041 * DB saved on disk
36478:C 09 Sep 2026 13:19:40.042 * RDB: 1 MB of memory used by copy-on-write
1:M 09 Sep 2026 13:19:40.130 * Background saving terminated with success
1:M 09 Sep 2026 13:24:41.021 * 10 changes in 300 seconds. Saving...
1:M 09 Sep 2026 13:24:41.024 * Background saving started by pid 36659
36659:C 09 Sep 2026 13:24:41.039 * DB saved on disk
36659:C 09 Sep 2026 13:24:41.041 * RDB: 1 MB of memory used by copy-on-write
1:M 09 Sep 2026 13:24:41.131 * Background saving terminated with success
1:M 09 Sep 2026 13:29:42.077 * 10 changes in 300 seconds. Saving...
1:M 09 Sep 2026 13:29:42.080 * Background saving started by pid 36840
36840:C 09 Sep 2026 13:29:42.094 * DB saved on disk
36840:C 09 Sep 2026 13:29:42.095 * RDB: 1 MB of memory used by copy-on-write
1:M 09 Sep 2026 13:29:42.189 * Background saving terminated with success
1:M 09 Sep 2026 13:34:43.014 * 10 changes in 300 seconds. Saving...
1:M 09 Sep 2026 13:34:43.016 * Background saving started by pid 37021
37021:C 09 Sep 2026 13:34:43.030 * DB saved on disk
37021:C 09 Sep 2026 13:34:43.032 * RDB: 1 MB of memory used by copy-on-write
1:M 09 Sep 2026 13:34:43.119 * Background saving terminated with success
1:M 09 Sep 2026 13:39:44.031 * 10 changes in 300 seconds. Saving...
1:M 09 Sep 2026 13:39:44.034 * Background saving started by pid 37203
37203:C 09 Sep 2026 13:39:44.050 * DB saved on disk
37203:C 09 Sep 2026 13:39:44.051 * RDB: 1 MB of memory used by copy-on-write
1:M 09 Sep 2026 13:39:44.136 * Background saving terminated with success
1:M 09 Sep 2026 13:44:45.039 * 10 changes in 300 seconds. Saving...
1:M 09 Sep 2026 13:44:45.042 * Background saving started by pid 37384
37384:C 09 Sep 2026 13:44:45.057 * DB saved on disk
37384:C 09 Sep 2026 13:44:45.059 * RDB: 1 MB of memory used by copy-on-write
1:M 09 Sep 2026 13:44:45.149 * Background saving terminated with success
1:M 09 Sep 2026 13:49:46.020 * 10 changes in 300 seconds. Saving...
1:M 09 Sep 2026 13:49:46.023 * Background saving started by pid 37565
37565:C 09 Sep 2026 13:49:46.039 * DB saved on disk
37565:C 09 Sep 2026 13:49:46.040 * RDB: 1 MB of memory used by copy-on-write
1:M 09 Sep 2026 13:49:46.126 * Background saving terminated with success
